diff --git a/main/Analyser.cpp b/main/Analyser.cpp
index 957bfe6..463a4b3 100644
--- a/main/Analyser.cpp
+++ b/main/Analyser.cpp
@@ -5,7 +5,7 @@
     An intonation analysis and annotation tool
     Centre for Digital Music, Queen Mary, University of London.
     This file copyright 2006-2012 Chris Cannam and QMUL.
-    
+
     This program is free software; you can redistribute it and/or
     modify it under the terms of the GNU General Public License as
     published by the Free Software Foundation; either version 2 of the
@@ -69,6 +69,16 @@ Analyser::Analyser() :
 
 Analyser::~Analyser()
 {
+    // Clean up any remaining realtime analysis layers
+    if (m_document && m_pane) {
+        for (auto* layer : m_realtimeAnalysisLayers) {
+            if (layer) {
+                m_document->removeLayerFromView(m_pane, layer);
+                m_document->deleteLayer(layer);
+            }
+        }
+    }
+    m_realtimeAnalysisLayers.clear();
 }
 
 std::map<QString, QVariant>
@@ -83,7 +93,7 @@ Analyser::getAnalysisSettings()
 
 QString
 Analyser::newFileLoaded(Document *doc, ModelId model,
-			PaneStack *paneStack, Pane *pane)
+                        PaneStack *paneStack, Pane *pane)
 {
     m_document = doc;
     m_fileModel = model;
@@ -93,7 +103,7 @@ Analyser::newFileLoaded(Document *doc, ModelId model,
     if (!ModelById::isa<WaveFileModel>(m_fileModel)) {
         return "Internal error: Analyser::newFileLoaded() called with no model, or a non-WaveFileModel";
     }
-    
+
     connect(doc, SIGNAL(layerAboutToBeDeleted(Layer *)),
             this, SLOT(layerAboutToBeDeleted(Layer *)));
 
@@ -113,7 +123,7 @@ Analyser::analyseExistingFile()
     if (!m_pane) return "Internal error: Analyser::analyseExistingFile() called with no pane present";
 
     if (m_fileModel.isNone()) return "Internal error: Analyser::analyseExistingFile() called with no model present";
-    
+
     if (m_layers[PitchTrack]) {
         m_document->removeLayerFromView(m_pane, m_layers[PitchTrack]);
         m_layers[PitchTrack] = 0;
@@ -126,6 +136,28 @@ Analyser::analyseExistingFile()
     return doAllAnalyses(true);
 }
 
+QString
+Analyser::analyseRecordingToEnd(sv_frame_t record_duration)
+{
+    if (!m_document) return "Internal error: Analyser::analyseRecordingToEnd() called with no document present";
+
+    if (!m_pane) return "Internal error: Analyser::analyseRecordingToEnd() called with no pane present";
+
+    if (m_fileModel.isNone()) return "Internal error: Analyser::analyseRecordingToEnd() called with no model present";
+
+    // We start with a 2500-frame overlap to ensure we capture instrument attacks in time (~56ms)
+    sv_frame_t overlap = 2500;
+    auto startPosition = std::max(m_analysedFrames - overlap, 0LL);
+    auto endPosition = record_duration;
+    Selection analysingSelection = Selection(startPosition, endPosition);
+
+    this->analyseRecording(analysingSelection);
+
+    m_analysedFrames = endPosition;
+
+    return "";
+}
+
 QString
 Analyser::doAllAnalyses(bool withPitchTrack)
 {
@@ -170,6 +202,18 @@ void
 Analyser::fileClosed()
 {
     cerr << "Analyser::fileClosed" << endl;
+    
+    // Clean up any remaining realtime analysis layers
+    if (m_document && m_pane) {
+        for (auto* layer : m_realtimeAnalysisLayers) {
+            if (layer) {
+                m_document->removeLayerFromView(m_pane, layer);
+                m_document->deleteLayer(layer);
+            }
+        }
+    }
+    m_realtimeAnalysisLayers.clear();
+    
     m_layers.clear();
     m_reAnalysisCandidates.clear();
     m_currentCandidate = -1;
@@ -204,7 +248,7 @@ Analyser::getInitialAnalysisCompletion()
         int c = m_layers[Notes]->getCompletion(m_pane);
         if (c < completion) completion = c;
     }
-    
+
     return completion;
 }
 
@@ -227,7 +271,7 @@ Analyser::layerCompletionChanged(ModelId)
 
     auto audioModel = ModelById::get(m_layers[Audio]->getModel());
     sv_frame_t endFrame = audioModel->getEndFrame();
-        
+
     if (m_layers[PitchTrack]) {
         auto model = ModelById::getAs<SparseTimeValueModel>
             (m_layers[PitchTrack]->getModel());
@@ -255,7 +299,7 @@ Analyser::addVisualisations()
 
 /* This is roughly what we'd do for a constant-Q spectrogram, but it
    currently has issues with y-axis alignment
-  
+
     TransformFactory *tf = TransformFactory::getInstance();
 
     QString name = "Constant-Q";
@@ -264,7 +308,7 @@ Analyser::addVisualisations()
 
     QString notFound = tr("Transform \"%1\" not found, spectrogram will not be enabled.<br><br>Is the %2 Vamp plugin correctly installed?");
     if (!tf->haveTransform(base + out)) {
-	return notFound.arg(base + out).arg(name);
+        return notFound.arg(base + out).arg(name);
     }
 
     Transform transform = tf->getDefaultTransformFor
@@ -275,7 +319,7 @@ Analyser::addVisualisations()
         (m_document->createDerivedLayer(transform, m_fileModel));
 
     if (!spectrogram) return tr("Transform \"%1\" did not run correctly (no layer or wrong layer type returned)").arg(base + out);
-*/    
+*/
 
     // As with all the visualisation layers, if we already have one in
     // the pane we do not create another, just record its
@@ -338,13 +382,83 @@ Analyser::addWaveform()
         params->setPlayPan(-1);
         params->setPlayGain(1);
     }
-    
+
     m_document->addLayerToView(m_pane, waveform);
 
     m_layers[Audio] = waveform;
     return "";
 }
 
+std::map<QString, bool> getAnalysisSettingsFromSettings()
+{
+    std::map<QString, bool> analysisSettings;
+
+    QSettings settings;
+    settings.beginGroup("Analyser");
+
+    analysisSettings["precision-analysis"] = settings.value("precision-analysis", false).toBool();
+    analysisSettings["lowamp-analysis"] = settings.value("lowamp-analysis", true).toBool();
+    analysisSettings["onset-analysis"] = settings.value("onset-analysis", true).toBool();
+    analysisSettings["prune-analysis"] = settings.value("prune-analysis", true).toBool();
+
+    settings.endGroup();
+
+    return analysisSettings;
+}
+
+static void setAnalysisSettings(Transform& transform)
+{
+    const auto analysisSettings = getAnalysisSettingsFromSettings();
+
+    if (analysisSettings.count("precision-analysis") > 0) {
+        bool precise = analysisSettings.at("precision-analysis");
+        if (precise) {
+            cerr << "setting parameters for precise mode" << endl;
+            transform.setParameter("precisetime", 1);
+        }
+        else {
+            cerr << "setting parameters for vague mode" << endl;
+            transform.setParameter("precisetime", 0);
+        }
+    }
+
+    if (analysisSettings.count("lowamp-analysis") > 0) {
+        bool lowamp = analysisSettings.at("lowamp-analysis");
+        if (lowamp) {
+            cerr << "setting parameters for lowamp suppression" << endl;
+            transform.setParameter("lowampsuppression", 0.2f);
+        }
+        else {
+            cerr << "setting parameters for no lowamp suppression" << endl;
+            transform.setParameter("lowampsuppression", 0.0f);
+        }
+    }
+
+    if (analysisSettings.count("onset-analysis") > 0) {
+        bool onset = analysisSettings.at("onset-analysis");
+        if (onset) {
+            cerr << "setting parameters for increased onset sensitivity" << endl;
+            transform.setParameter("onsetsensitivity", 0.7f);
+        }
+        else {
+            cerr << "setting parameters for non-increased onset sensitivity" << endl;
+            transform.setParameter("onsetsensitivity", 0.0f);
+        }
+    }
+
+    if (analysisSettings.count("prune-analysis") > 0) {
+        bool prune = analysisSettings.at("prune-analysis");
+        if (prune) {
+            cerr << "setting parameters for duration pruning" << endl;
+            transform.setParameter("prunethresh", 0.1f);
+        }
+        else {
+            cerr << "setting parameters for no duration pruning" << endl;
+            transform.setParameter("prunethresh", 0.0f);
+        }
+    }
+}
+
 QString
 Analyser::addAnalyses()
 {
@@ -352,7 +466,7 @@ Analyser::addAnalyses()
     if (!waveFileModel) {
         return "Internal error: Analyser::addAnalyses() called with no model present";
     }
-    
+
     // As with the spectrogram above, if these layers exist we use
     // them
     TimeValueLayer *existingPitch = 0;
@@ -382,11 +496,6 @@ Analyser::addAnalyses()
     }
 
     TransformFactory *tf = TransformFactory::getInstance();
-    
-    QString plugname = "pYIN";
-    QString base = "vamp:pyin:pyin:";
-    QString f0out = "smoothedpitchtrack";
-    QString noteout = "notes";
 
     Transforms transforms;
 
@@ -401,81 +510,28 @@ Analyser::addAnalyses()
         m_document->addLayerToView(m_pane, lx);
     }
 */
+    auto f0_transform = QString(PYIN_TRANSFORM_BASE) + QString(PYIN_F0_OUT);
+    auto note_transform = QString(PYIN_TRANSFORM_BASE) + QString(PYIN_NOTE_OUT);
 
     QString notFound = tr("Transform \"%1\" not found. Unable to analyse audio file.<br><br>Is the %2 Vamp plugin correctly installed?");
-    if (!tf->haveTransform(base + f0out)) {
-	return notFound.arg(base + f0out).arg(plugname);
+    if (!tf->haveTransform(f0_transform)) {
+        return notFound.arg(f0_transform).arg(PYIN_PLUGIN_NAME);
     }
-    if (!tf->haveTransform(base + noteout)) {
-	return notFound.arg(base + noteout).arg(plugname);
-    }
-
-    QSettings settings;
-    settings.beginGroup("Analyser");
-
-    bool precise = false, lowamp = true, onset = true, prune = true;
-    
-    std::map<QString, bool &> flags {
-        { "precision-analysis", precise },
-        { "lowamp-analysis", lowamp },
-        { "onset-analysis", onset },
-        { "prune-analysis", prune }
-    };
-
-    auto keyMap = getAnalysisSettings();
-    
-    for (auto p: flags) {
-        auto ki = keyMap.find(p.first);
-        if (ki != keyMap.end()) {
-            p.second = settings.value(ki->first, ki->second).toBool();
-        } else {
-            throw std::logic_error("Internal error: One or more analysis settings keys not found in map: check addAnalyses and getAnalysisSettings");
-        }
+    if (!tf->haveTransform(note_transform)) {
+        return notFound.arg(note_transform).arg(PYIN_PLUGIN_NAME);
     }
 
-    settings.endGroup();
-
     Transform t = tf->getDefaultTransformFor
-        (base + f0out, waveFileModel->getSampleRate());
+        (f0_transform, waveFileModel->getSampleRate());
     t.setStepSize(256);
     t.setBlockSize(2048);
 
-    if (precise) {
-        cerr << "setting parameters for precise mode" << endl;
-        t.setParameter("precisetime", 1);
-    } else {
-        cerr << "setting parameters for vague mode" << endl;
-        t.setParameter("precisetime", 0);
-    }
-
-    if (lowamp) {
-        cerr << "setting parameters for lowamp suppression" << endl;
-        t.setParameter("lowampsuppression", 0.2f);
-    } else {
-        cerr << "setting parameters for no lowamp suppression" << endl;
-        t.setParameter("lowampsuppression", 0.0f);
-    }
-
-    if (onset) {
-        cerr << "setting parameters for increased onset sensitivity" << endl;
-        t.setParameter("onsetsensitivity", 0.7f);
-    } else {
-        cerr << "setting parameters for non-increased onset sensitivity" << endl;
-        t.setParameter("onsetsensitivity", 0.0f);
-    }
-
-    if (prune) {
-        cerr << "setting parameters for duration pruning" << endl;
-        t.setParameter("prunethresh", 0.1f);
-    } else {
-        cerr << "setting parameters for no duration pruning" << endl;
-        t.setParameter("prunethresh", 0.0f);
-    }
+    setAnalysisSettings(t);
 
     transforms.push_back(t);
 
-    t.setOutput(noteout);
-    
+    t.setOutput(PYIN_NOTE_OUT);
+
     transforms.push_back(t);
 
     std::vector<Layer *> layers =
@@ -485,16 +541,20 @@ Analyser::addAnalyses()
 
         FlexiNoteLayer *f = qobject_cast<FlexiNoteLayer *>(layers[i]);
         TimeValueLayer *t = qobject_cast<TimeValueLayer *>(layers[i]);
-        
-        if (f) m_layers[Notes] = f;
-        if (t) m_layers[PitchTrack] = t;
-        
+
+        if (f) {
+            m_layers[Notes] = f;
+        }
+        else if (t) {
+            m_layers[PitchTrack] = t;
+        }
+
         m_document->addLayerToView(m_pane, layers[i]);
     }
-    
+
     ColourDatabase *cdb = ColourDatabase::getInstance();
-    
-    TimeValueLayer *pitchLayer = 
+
+    TimeValueLayer *pitchLayer =
         qobject_cast<TimeValueLayer *>(m_layers[PitchTrack]);
     if (pitchLayer) {
         pitchLayer->setBaseColour(cdb->getColourIndex(tr("Black")));
@@ -506,8 +566,8 @@ Analyser::addAnalyses()
         connect(pitchLayer, SIGNAL(modelCompletionChanged(ModelId)),
                 this, SLOT(layerCompletionChanged(ModelId)));
     }
-    
-    FlexiNoteLayer *flexiNoteLayer = 
+
+    FlexiNoteLayer *flexiNoteLayer =
         qobject_cast<FlexiNoteLayer *>(m_layers[Notes]);
     if (flexiNoteLayer) {
         flexiNoteLayer->setBaseColour(cdb->getColourIndex(tr("Bright Blue")));
@@ -523,7 +583,7 @@ Analyser::addAnalyses()
         connect(flexiNoteLayer, SIGNAL(materialiseReAnalysis()),
                 this, SLOT(materialiseReAnalysis()));
     }
-    
+
     return "";
 }
 
@@ -544,6 +604,351 @@ Analyser::materialiseReAnalysis()
     switchPitchCandidate(m_reAnalysingSelection, true); // or false, doesn't matter
 }
 
+void
+Analyser::updatePitchTrack(sv::ModelId)
+{
+    // Implementation for updatePitchTrack slot
+    emit layersChanged();
+}
+
+void
+Analyser::updateNoteLayer(sv::ModelId)
+{
+    // Implementation for updateNoteLayer slot
+    emit layersChanged();
+}
+
+template <typename LayerType>
+void setBaseColour(LayerType* layer, const QString& colourName, ColourDatabase* cdb) {
+    layer->setBaseColour(cdb->getColourIndex(colourName));
+}
+
+// Generalized helper function to process layers
+template <typename LayerType, typename ModelType>
+void processLayer(LayerType* layer, LayerType* targetLayer, sv::Document* document, sv::Pane* pane, std::vector<sv::Layer*>* trackingVector, std::function<EventVector(std::shared_ptr<ModelType>, std::shared_ptr<ModelType>)> customProcessing) {
+    QObject::connect(layer, &LayerType::modelCompletionChanged, [layer, targetLayer, document, pane, trackingVector, customProcessing](ModelId modelId) {
+        auto model = ModelById::getAs<ModelType>(modelId);
+
+        if (model->getCompletion() == 100) {
+            auto toModel = ModelById::getAs<ModelType>(targetLayer->getModel());
+            EventVector points = model->getAllEvents();
+
+            // Custom processing logic
+            points = customProcessing(model, toModel);
+
+            for (const Event& p : points) {
+                toModel->add(p);
+            }
+
+            QObject::disconnect(layer, &LayerType::modelCompletionChanged, nullptr, nullptr);
+            
+            // Clean up the temporary layer
+            if (document && pane) {
+                document->removeLayerFromView(pane, layer);
+                document->deleteLayer(layer);
+            }
+            
+            // Remove from tracking vector
+            if (trackingVector) {
+                trackingVector->erase(std::remove(trackingVector->begin(), trackingVector->end(), layer), trackingVector->end());
+            }
+        }
+        });
+}
+
+// Custom processing logic for pitch track (SparseTimeValueModel)
+static EventVector processPitchModel(sv_frame_t contextStart, std::shared_ptr<SparseTimeValueModel> fromModel, std::shared_ptr<SparseTimeValueModel> toModel) {
+    auto allEvents = toModel->getAllEvents();
+    auto points = fromModel->getAllEvents();
+
+    // Add context start timestamp to all points from the new analysis
+    std::transform(points.begin(), points.end(), points.begin(), [&](const auto& point) {
+        return point.withFrame(point.getFrame() + contextStart);
+    });
+
+    // Remove all events from toModel that extend beyond contextStart to prevent overlaps
+    EventVector eventsToRemove;
+    for (const auto& event : allEvents) {
+        if (event.getFrame() >= contextStart) {
+            eventsToRemove.push_back(event);
+        }
+    }
+    
+    for (const auto& event : eventsToRemove) {
+        toModel->remove(event);
+    }
+
+    // After cleanup, get the remaining events for overlap processing
+    allEvents = toModel->getAllEvents();
+
+    // Handle potential overlaps between the last existing event and first new event
+    if (!allEvents.empty() && !points.empty()) {
+        auto& lastExistingEvent = allEvents.back();
+        auto& firstNewEvent = points.front();
+
+        // Check if there's a gap or overlap between last existing and first new event
+        auto gapFrames = firstNewEvent.getFrame() - lastExistingEvent.getFrame();
+        
+        // If events are very close (within ~11ms at 44.1kHz), interpolate between them
+        const sv_frame_t interpolationThreshold = 512; // ~11ms at 44.1kHz
+        
+        if (gapFrames > 0 && gapFrames <= interpolationThreshold) {
+            // Small gap - add interpolated point if pitch values are similar
+            if (lastExistingEvent.hasValue() && firstNewEvent.hasValue()) {
+                auto lastValue = lastExistingEvent.getValue();
+                auto firstValue = firstNewEvent.getValue();
+                auto valueDiff = std::abs(lastValue - firstValue) / lastValue;
+                
+                // Only interpolate if pitch values are within 10% of each other
+                if (valueDiff <= 0.1) {
+                    auto midFrame = lastExistingEvent.getFrame() + gapFrames / 2;
+                    auto midValue = (lastValue + firstValue) / 2.0;
+                    Event interpolatedEvent = Event(midFrame, midValue, "interpolated");
+                    toModel->add(interpolatedEvent);
+                }
+            }
+        }
+    }
+
+    return points;
+}
+
+// Helper function to calculate weighted frequency from overlapping notes
+static float calculateWeightedFrequency(const Event& prevEvent, const Event& nextEvent, 
+                                       sv_frame_t overlapStart, sv_frame_t overlapDuration) {
+    // Extract frequencies from both events
+    float prevFreq = prevEvent.hasValue() ? prevEvent.getValue() : 0.0f;
+    float nextFreq = nextEvent.hasValue() ? nextEvent.getValue() : 0.0f;
+    
+    // If either frequency is invalid, use the valid one
+    if (prevFreq <= 0.0f && nextFreq > 0.0f) return nextFreq;
+    if (nextFreq <= 0.0f && prevFreq > 0.0f) return prevFreq;
+    if (prevFreq <= 0.0f && nextFreq <= 0.0f) return 0.0f;
+    
+    // Calculate duration-based weights for each event's contribution to overlap
+    auto prevStart = prevEvent.getFrame();
+    auto prevEnd = prevEvent.getFrame() + prevEvent.getDuration();
+    auto nextStart = nextEvent.getFrame();
+    auto nextEnd = nextEvent.getFrame() + nextEvent.getDuration();
+    auto overlapEnd = overlapStart + overlapDuration;
+    
+    // Calculate overlapping portions for each event
+    auto prevOverlapStart = std::max(prevStart, overlapStart);
+    auto prevOverlapEnd = std::min(prevEnd, overlapEnd);
+    auto prevOverlapContrib = std::max(0LL, prevOverlapEnd - prevOverlapStart);
+    
+    auto nextOverlapStart = std::max(nextStart, overlapStart);
+    auto nextOverlapEnd = std::min(nextEnd, overlapEnd);
+    auto nextOverlapContrib = std::max(0LL, nextOverlapEnd - nextOverlapStart);
+    
+    // Calculate weights based on duration contributions
+    double totalContrib = prevOverlapContrib + nextOverlapContrib;
+    if (totalContrib <= 0) {
+        // Fallback to simple average if no clear contribution
+        return (prevFreq + nextFreq) / 2.0f;
+    }
+    
+    double prevWeight = prevOverlapContrib / totalContrib;
+    double nextWeight = nextOverlapContrib / totalContrib;
+    
+    // Calculate weighted frequency - use logarithmic averaging for better musical accuracy
+    if (prevFreq > 0.0f && nextFreq > 0.0f) {
+        // Geometric mean weighted by duration (better for frequency averaging)
+        double logPrevFreq = std::log(prevFreq);
+        double logNextFreq = std::log(nextFreq);
+        double weightedLogFreq = logPrevFreq * prevWeight + logNextFreq * nextWeight;
+        return std::exp(weightedLogFreq);
+    } else {
+        // Linear average for edge cases
+        return prevFreq * prevWeight + nextFreq * nextWeight;
+    }
+}
+
+// Custom processing logic for FlexiNoteLayer
+static EventVector processNoteModel(sv_frame_t contextStart, std::shared_ptr<NoteModel> fromModel, std::shared_ptr<NoteModel> toModel) {
+    auto allEvents = toModel->getAllEvents();
+    auto points = fromModel->getAllEvents();
+
+    // Vamp doesn't add current timestamp for note features, so, do it manually
+    std::transform(points.begin(), points.end(), points.begin(), [&](const auto& point) {
+        return point.withFrame(point.getFrame() + contextStart);
+    });
+
+    // Remove all events from toModel which end after contextStart to prevent overlaps
+    EventVector eventsToRemove;
+    for (const auto& event : allEvents) {
+        if (event.getFrame() + event.getDuration() > contextStart) {
+            eventsToRemove.push_back(event);
+        }
+    }
+    
+    for (const auto& event : eventsToRemove) {
+        toModel->remove(event);
+    }
+
+    // After cleanup, get the remaining events for overlap processing
+    allEvents = toModel->getAllEvents();
+
+    if (!allEvents.empty() && !points.empty()) {
+        auto& prevEvent = allEvents.back();
+        auto& nextEvent = points.front();
+
+        // Handle various overlap scenarios
+        if (nextEvent.getFrame() >= prevEvent.getFrame() && 
+            nextEvent.getFrame() < prevEvent.getFrame() + prevEvent.getDuration()) {
+            
+            // Calculate overlap parameters
+            auto prevEnd = prevEvent.getFrame() + prevEvent.getDuration();
+            auto nextEnd = nextEvent.getFrame() + nextEvent.getDuration();
+            auto overlapStart = nextEvent.getFrame();
+            auto overlapDuration = std::min(prevEnd, nextEnd) - overlapStart;
+            
+            // Calculate weighted frequency for the merged event
+            float weightedFreq = calculateWeightedFrequency(prevEvent, nextEvent, overlapStart, overlapDuration);
+            
+            // Choose merge strategy based on overlap characteristics
+            if (overlapDuration < prevEvent.getDuration() * 0.5 && 
+                overlapDuration < nextEvent.getDuration() * 0.5) {
+                // Small overlap: merge by extending the earlier event with weighted frequency
+                auto mergedDuration = nextEnd - prevEvent.getFrame();
+                Event mergedEvent = prevEvent.withDuration(mergedDuration);
+                if (weightedFreq > 0.0f) {
+                    mergedEvent = mergedEvent.withValue(weightedFreq);
+                }
+                points[0] = mergedEvent;
+                toModel->remove(prevEvent);
+            } else {
+                // Significant overlap: create merged event with weighted frequency and optimal timing
+                auto mergedStart = prevEvent.getFrame();
+                auto mergedDuration = std::max(prevEnd, nextEnd) - mergedStart;
+                
+                // Use the event with better timing characteristics (earlier start)
+                Event mergedEvent = prevEvent.withDuration(mergedDuration);
+                if (weightedFreq > 0.0f) {
+                    mergedEvent = mergedEvent.withValue(weightedFreq);
+                }
+                
+                // Preserve additional properties from the longer event
+                if (nextEvent.getDuration() > prevEvent.getDuration()) {
+                    // Copy label and other properties from longer event if available
+                    if (nextEvent.hasLabel() && !prevEvent.hasLabel()) {
+                        mergedEvent = mergedEvent.withLabel(nextEvent.getLabel());
+                    }
+                    if (nextEvent.hasLevel() && !prevEvent.hasLevel()) {
+                        mergedEvent = mergedEvent.withLevel(nextEvent.getLevel());
+                    }
+                }
+                
+                points[0] = mergedEvent;
+                toModel->remove(prevEvent);
+            }
+        }
+    }
+
+    return points;
+}
+
+QString
+Analyser::analyseRecording(Selection sel)
+{
+    QMutexLocker locker(&m_asyncMutex);
+
+    auto waveFileModel = ModelById::getAs<WaveFileModel>(m_fileModel);
+    if (!waveFileModel) {
+        return "Internal error: Analyser::analyseRecording() called with no model present";
+    }
+
+    if (!m_reAnalysingSelection.isEmpty()) {
+        if (sel == m_reAnalysingSelection) {
+            cerr << "selection & range are same as current analysis, ignoring" << endl;
+            return "";
+        }
+    }
+
+    if (sel.isEmpty()) return "";
+
+    m_reAnalysingSelection = sel;
+
+    auto* pitchLayer = qobject_cast<TimeValueLayer*>(m_layers[PitchTrack]);
+    auto* noteLayer = qobject_cast<FlexiNoteLayer*>(m_layers[Notes]);
+
+    TransformFactory* tf = TransformFactory::getInstance();
+
+    Transforms transforms;
+
+    auto f0_transform = QString(PYIN_TRANSFORM_BASE) + QString(PYIN_F0_OUT);
+    auto note_transform = QString(PYIN_TRANSFORM_BASE) + QString(PYIN_NOTE_OUT);
+
+    QString notFound = tr("Transform \"%1\" not found. Unable to perform interactive analysis.<br><br>Are the %2 and %3 Vamp plugins correctly installed?");
+    if (!tf->haveTransform(f0_transform)) {
+        return notFound.arg(f0_transform).arg(PYIN_PLUGIN_NAME);
+    }
+
+    if (!tf->haveTransform(note_transform)) {
+        return notFound.arg(note_transform).arg(PYIN_PLUGIN_NAME);
+    }
+
+    Transform t = tf->getDefaultTransformFor
+        (f0_transform, waveFileModel->getSampleRate());
+    t.setStepSize(256);
+    t.setBlockSize(2048);
+
+    setAnalysisSettings(t);
+  
+    RealTime start = RealTime::frame2RealTime(sel.getStartFrame(), waveFileModel->getSampleRate());
+    RealTime end = RealTime::frame2RealTime(sel.getEndFrame(), waveFileModel->getSampleRate());
+
+    RealTime duration;
+
+    if (sel.getEndFrame() > sel.getStartFrame()) {
+        duration = end - start;
+    }
+
+    cerr << "Analyser::analyseRecording: start " << start << " end " << end << " original selection start " << sel.getStartFrame() << " end " << sel.getEndFrame() << " duration " << duration << endl;
+
+    if (duration <= RealTime::zeroTime) {
+        cerr << "Analyser::analyseRecording: duration <= 0, not analysing" << endl;
+        return "";
+    }
+
+    t.setStartTime(start);
+    t.setDuration(duration);
+
+    transforms.push_back(t);
+
+    t.setOutput(PYIN_NOTE_OUT);
+
+    transforms.push_back(t);
+
+    std::vector<Layer*> layers = m_document->createDerivedLayers(transforms, m_fileModel);
+
+    ColourDatabase* cdb = ColourDatabase::getInstance();
+
+    // Track the temporary layers for cleanup
+    for (auto* layer : layers) {
+        m_realtimeAnalysisLayers.push_back(layer);
+    }
+
+    for (auto* layer : layers) {
+
+        FlexiNoteLayer* tempNoteLayer = qobject_cast<FlexiNoteLayer*>(layer);
+        TimeValueLayer* tempPitchLayer = qobject_cast<TimeValueLayer*>(layer);
+
+        if (tempPitchLayer) {
+            setBaseColour(tempPitchLayer, tr("Black"), cdb);
+            processLayer<TimeValueLayer, SparseTimeValueModel>(tempPitchLayer, pitchLayer, m_document, m_pane, &m_realtimeAnalysisLayers, std::bind(processPitchModel, sel.getStartFrame(), std::placeholders::_1, std::placeholders::_2));
+        }
+
+        if (tempNoteLayer) {
+            setBaseColour(tempNoteLayer, tr("Bright Blue"), cdb);
+            processLayer<FlexiNoteLayer, NoteModel>(tempNoteLayer, noteLayer, m_document, m_pane, &m_realtimeAnalysisLayers, std::bind(processNoteModel, sel.getStartFrame(), std::placeholders::_1, std::placeholders::_2));
+        }
+    }
+  
+    return "";
+}
+
+
 QString
 Analyser::reAnalyseSelection(Selection sel, FrequencyRange range)
 {
@@ -553,7 +958,7 @@ Analyser::reAnalyseSelection(Selection sel, FrequencyRange range)
     if (!waveFileModel) {
         return "Internal error: Analyser::reAnalyseSelection() called with no model present";
     }
-    
+
     if (!m_reAnalysingSelection.isEmpty()) {
         if (sel == m_reAnalysingSelection && range == m_reAnalysingRange) {
             cerr << "selection & range are same as current analysis, ignoring" << endl;
@@ -584,13 +989,13 @@ Analyser::reAnalyseSelection(Selection sel, FrequencyRange range)
     }
 
     TransformFactory *tf = TransformFactory::getInstance();
-    
-    QString plugname1 = "pYIN";
+
     QString plugname2 = "CHP";
 
     QString base = "vamp:pyin:localcandidatepyin:";
     QString out = "pitchtrackcandidates";
 
+
     if (range.isConstrained()) {
         base = "vamp:chp:constrainedharmonicpeak:";
         out = "peak";
@@ -600,9 +1005,9 @@ Analyser::reAnalyseSelection(Selection sel, FrequencyRange range)
 
     QString notFound = tr("Transform \"%1\" not found. Unable to perform interactive analysis.<br><br>Are the %2 and %3 Vamp plugins correctly installed?");
     if (!tf->haveTransform(base + out)) {
-	return notFound.arg(base + out).arg(plugname1).arg(plugname2);
+        return notFound.arg(base + out).arg(PYIN_PLUGIN_NAME).arg(plugname2);
     }
-
+       
     Transform t = tf->getDefaultTransformFor
         (base + out, waveFileModel->getSampleRate());
     t.setStepSize(256);
@@ -626,7 +1031,7 @@ Analyser::reAnalyseSelection(Selection sel, FrequencyRange range)
     } else {
         endSample   -= 9*grid; // MM says: not sure what the CHP plugin does there
     }
-    RealTime start = RealTime::frame2RealTime(startSample, waveFileModel->getSampleRate()); 
+    RealTime start = RealTime::frame2RealTime(startSample, waveFileModel->getSampleRate());
     RealTime end = RealTime::frame2RealTime(endSample, waveFileModel->getSampleRate());
 
     RealTime duration;
@@ -641,12 +1046,12 @@ Analyser::reAnalyseSelection(Selection sel, FrequencyRange range)
         cerr << "Analyser::reAnalyseSelection: duration <= 0, not analysing" << endl;
         return "";
     }
-    
+
     t.setStartTime(start);
     t.setDuration(duration);
 
     transforms.push_back(t);
-    
+
     m_currentAsyncHandle =
         m_document->createDerivedLayersAsync(transforms, m_fileModel, this);
 
@@ -660,7 +1065,7 @@ Analyser::arePitchCandidatesShown() const
 }
 
 void
-Analyser::showPitchCandidates(bool shown) 
+Analyser::showPitchCandidates(bool shown)
 {
     if (m_candidatesVisible == shown) return;
 
@@ -687,7 +1092,7 @@ Analyser::layersCreated(Document::LayerCreationAsyncHandle handle,
     {
         QMutexLocker locker(&m_asyncMutex);
 
-        if (handle != m_currentAsyncHandle || 
+        if (handle != m_currentAsyncHandle ||
             m_reAnalysingSelection == Selection()) {
             // We don't want these!
             for (int i = 0; i < (int)primary.size(); ++i) {
@@ -750,14 +1155,14 @@ Analyser::haveHigherPitchCandidate() const
     if (m_reAnalysisCandidates.empty()) return false;
     return (m_currentCandidate < 0 ||
             (m_currentCandidate + 1 < (int)m_reAnalysisCandidates.size()));
-}    
+}
 
 bool
 Analyser::haveLowerPitchCandidate() const
 {
     if (m_reAnalysisCandidates.empty()) return false;
     return (m_currentCandidate < 0 || m_currentCandidate >= 1);
-}    
+}
 
 void
 Analyser::switchPitchCandidate(Selection sel, bool up)
@@ -803,14 +1208,14 @@ void
 Analyser::shiftOctave(Selection sel, bool up)
 {
     float factor = (up ? 2.f : 0.5f);
-    
+
     vector<Layer *> actOn;
 
     Layer *pitchTrack = m_layers[PitchTrack];
     if (pitchTrack) actOn.push_back(pitchTrack);
 
     foreach (Layer *layer, actOn) {
-        
+
         Clipboard clip;
         layer->copy(m_pane, sel, clip);
         layer->deleteSelection(sel);
@@ -824,7 +1229,7 @@ Analyser::shiftOctave(Selection sel, bool up)
                 shifted.addPoint(e);
             }
         }
-        
+
         layer->paste(m_pane, shifted, 0, false);
     }
 }
@@ -849,7 +1254,7 @@ Analyser::abandonReAnalysis(Selection sel)
     if (!myLayer) return;
     myLayer->deleteSelection(sel);
     myLayer->paste(m_pane, m_preAnalysis, 0, false);
-}    
+}
 
 void
 Analyser::clearReAnalysis()
@@ -880,7 +1285,7 @@ void
 Analyser::layerAboutToBeDeleted(Layer *doomed)
 {
     cerr << "Analyser::layerAboutToBeDeleted(" << doomed << ")" << endl;
-    
+
     vector<Layer *> notDoomed;
 
     foreach (Layer *layer, m_reAnalysisCandidates) {
@@ -903,7 +1308,7 @@ Analyser::takePitchTrackFrom(Layer *otherLayer)
     if (!myModel || !otherModel) return;
 
     Clipboard clip;
-    
+
     Selection sel = Selection(myModel->getStartFrame(),
                               myModel->getEndFrame());
     myLayer->deleteSelection(sel);
@@ -932,7 +1337,7 @@ Analyser::takePitchTrackFrom(Layer *otherLayer)
 void
 Analyser::getEnclosingSelectionScope(sv_frame_t f, sv_frame_t &f0, sv_frame_t &f1)
 {
-    FlexiNoteLayer *flexiNoteLayer = 
+    FlexiNoteLayer *flexiNoteLayer =
         qobject_cast<FlexiNoteLayer *>(m_layers[Notes]);
 
     sv_frame_t f0i = f, f1i = f;
@@ -942,7 +1347,7 @@ Analyser::getEnclosingSelectionScope(sv_frame_t f, sv_frame_t &f0, sv_frame_t &f
         f0 = f1 = f;
         return;
     }
-    
+
     flexiNoteLayer->snapToFeatureFrame(m_pane, f0i, res, Layer::SnapLeft, -1);
     flexiNoteLayer->snapToFeatureFrame(m_pane, f1i, res, Layer::SnapRight, -1);
 
@@ -976,11 +1381,11 @@ Analyser::loadState(Component c)
 }
 
 void
-Analyser::setIntelligentActions(bool on) 
+Analyser::setIntelligentActions(bool on)
 {
     std::cerr << "toggle setIntelligentActions " << on << std::endl;
 
-    FlexiNoteLayer *flexiNoteLayer = 
+    FlexiNoteLayer *flexiNoteLayer =
         qobject_cast<FlexiNoteLayer *>(m_layers[Notes]);
     if (flexiNoteLayer) {
         flexiNoteLayer->setIntelligentActions(on);
@@ -1055,7 +1460,7 @@ Analyser::getGain(Component c) const
         return 1.f;
     }
 }
-    
+
 void
 Analyser::setGain(Component c, float gain)
 {
@@ -1078,7 +1483,7 @@ Analyser::getPan(Component c) const
         return 1.f;
     }
 }
-    
+
 void
 Analyser::setPan(Component c, float pan)
 {
@@ -1089,6 +1494,3 @@ Analyser::setPan(Component c, float pan)
         saveState(c);
     }
 }
-
-
-    
diff --git a/main/Analyser.h b/main/Analyser.h
index 918d239..1db40b8 100644
--- a/main/Analyser.h
+++ b/main/Analyser.h
@@ -5,7 +5,7 @@
     An intonation analysis and annotation tool
     Centre for Digital Music, Queen Mary, University of London.
     This file copyright 2006-2012 Chris Cannam and QMUL.
-    
+
     This program is free software; you can redistribute it and/or
     modify it under the terms of the GNU General Public License as
     published by the Free Software Foundation; either version 2 of the
@@ -56,9 +56,12 @@ public:
     // layers; return "" on success or error string on failure
     QString analyseExistingFile();
 
+    // Completes analysis from the last position to the end
+    QString analyseRecordingToEnd(sv::sv_frame_t record_duration);
+
     // Discard any layers etc associated with the current document
     void fileClosed();
-		       
+
     void setIntelligentActions(bool);
 
     bool getDisplayFrequencyExtents(double &min, double &max);
@@ -128,7 +131,14 @@ public:
      * group in QSettings.
      */
     static std::map<QString, QVariant> getAnalysisSettings();
-    
+
+    /**
+     * Analyse the selection and schedule asynchronous adds of
+     * candidate layers for the region it contains. Returns "" on
+     * success or a user-readable error string on failure.
+     */
+    QString analyseRecording(sv::Selection sel);
+
     /**
      * Analyse the selection and schedule asynchronous adds of
      * candidate layers for the region it contains. Returns "" on
@@ -232,6 +242,8 @@ signals:
     void initialAnalysisCompleted();
 
 protected slots:
+    void updatePitchTrack(sv::ModelId);
+    void updateNoteLayer(sv::ModelId);
     void layerAboutToBeDeleted(sv::Layer *);
     void layerCompletionChanged(sv::ModelId);
     void reAnalyseRegion(sv::sv_frame_t, sv::sv_frame_t, float, float);
@@ -247,8 +259,10 @@ protected:
 
     sv::Clipboard m_preAnalysis;
     sv::Selection m_reAnalysingSelection;
+    sv::sv_frame_t m_analysedFrames = 0;
     FrequencyRange m_reAnalysingRange;
     std::vector<sv::Layer *> m_reAnalysisCandidates;
+    std::vector<sv::Layer *> m_realtimeAnalysisLayers;  // Track temporary layers for cleanup
     int m_currentCandidate;
     bool m_candidatesVisible;
     sv::Document::LayerCreationAsyncHandle m_currentAsyncHandle;
@@ -263,13 +277,21 @@ protected:
     void discardPitchCandidates();
 
     void stackLayers();
-    
+
     // Document::LayerCreationHandler method
     void layersCreated(sv::Document::LayerCreationAsyncHandle,
                        std::vector<sv::Layer *>, std::vector<sv::Layer *>);
 
     void saveState(Component c) const;
     void loadState(Component c);
+
+    // TODO (alnovi): Move constexpression to a static class
+    static constexpr const char* PYIN_PLUGIN_NAME = "pYIN";
+    static constexpr const char* PYIN_TRANSFORM_BASE = "vamp:pyin:pyin:";
+    static constexpr const char* PYIN_F0_OUT = "smoothedpitchtrack";
+    static constexpr const char* PYIN_NOTE_OUT = "notes";
+
+
 };
 
 #endif
diff --git a/main/MainWindow.cpp b/main/MainWindow.cpp
index cd9fa4a..7046805 100644
--- a/main/MainWindow.cpp
+++ b/main/MainWindow.cpp
@@ -5,7 +5,7 @@
     An intonation analysis and annotation tool
     Centre for Digital Music, Queen Mary, University of London.
     This file copyright 2006-2012 Chris Cannam and QMUL.
-    
+
     This program is free software; you can redistribute it and/or
     modify it under the terms of the GNU General Public License as
     published by the Free Software Foundation; either version 2 of the
@@ -102,7 +102,7 @@ using std::endl;
 using namespace sv;
 
 MainWindow::MainWindow(AudioMode audioMode,
-                       bool withSonification, 
+                       bool withSonification,
                        bool withSpectrogram) :
     MainWindowBase(audioMode,
                    MainWindowBase::MIDI_NONE,
@@ -111,7 +111,7 @@ MainWindow::MainWindow(AudioMode audioMode,
     m_overview(0),
     m_mainMenusCreated(false),
     m_playbackMenu(0),
-    m_recentFilesMenu(0), 
+    m_recentFilesMenu(0),
     m_rightButtonMenu(0),
     m_rightButtonPlaybackMenu(0),
     m_deleteSelectedAction(0),
@@ -186,13 +186,13 @@ MainWindow::MainWindow(AudioMode audioMode,
     m_viewManager->setOverlayMode(ViewManager::GlobalOverlays);
 
     connect(m_viewManager, SIGNAL(selectionChangedByUser()),
-	    this, SLOT(selectionChangedByUser()));
+            this, SLOT(selectionChangedByUser()));
 
     QFrame *frame = new QFrame;
     setCentralWidget(frame);
 
     QGridLayout *layout = new QGridLayout;
-    
+
     QScrollArea *scroll = new QScrollArea(frame);
     scroll->setWidgetResizable(true);
     scroll->setHorizontalScrollBarPolicy(Qt::ScrollBarAlwaysOff);
@@ -230,7 +230,7 @@ MainWindow::MainWindow(AudioMode audioMode,
     } else {
         m_panLayer->setBaseColour
             (ColourDatabase::getInstance()->getColourIndex(tr("Blue")));
-    }        
+    }
 
     m_fader = new Fader(frame, false);
     connect(m_fader, SIGNAL(mouseEntered()), this, SLOT(mouseEnteredWidget()));
@@ -311,7 +311,7 @@ MainWindow::MainWindow(AudioMode audioMode,
     m_activityLog->hide();
 
     setAudioRecordMode(RecordReplaceSession);
-    
+
     newSession();
 
     settings.beginGroup("MainWindow");
@@ -350,7 +350,7 @@ MainWindow::setupMenus()
         // workaround, to remove the appmenu-qt5 package, but that is
         // awkward and the problem is so severe that it merits disabling
         // the system menubar integration altogether. Like this:
-	menuBar()->setNativeMenuBar(false);
+        menuBar()->setNativeMenuBar(false);
 #endif
 
         m_rightButtonMenu = new QMenu();
@@ -417,7 +417,7 @@ MainWindow::setupFileMenu()
     m_keyReference->registerShortcut(action);
     menu->addAction(action);
     toolbar->addAction(action);
-	
+
     icon = il.load("filesaveas");
     action = new QAction(icon, tr("Save Session &As..."), this);
     action->setShortcut(tr("Ctrl+Shift+S"));
@@ -455,7 +455,7 @@ MainWindow::setupFileMenu()
     menu->addAction(action);
 
     menu->addSeparator();
-    
+
     action = new QAction(tr("Browse Recorded Audio"), this);
     action->setStatusTip(tr("Open the Recorded Audio folder in the system file browser"));
     connect(action, SIGNAL(triggered()), this, SLOT(browseRecordedAudio()));
@@ -484,17 +484,17 @@ MainWindow::setupEditMenu()
     m_keyReference->setCategory
         (tr("Selection Strip Mouse Actions"));
     m_keyReference->registerShortcut
-        (tr("Jump"), tr("Left"), 
+        (tr("Jump"), tr("Left"),
          tr("Click left button to move the playback position to a time"));
     m_keyReference->registerShortcut
-        (tr("Select"), tr("Left"), 
+        (tr("Select"), tr("Left"),
          tr("Click left button and drag to select a region of time"));
     m_keyReference->registerShortcut
-        (tr("Select Note Duration"), tr("Double-Click Left"), 
+        (tr("Select Note Duration"), tr("Double-Click Left"),
          tr("Double-click left button to select the region of time corresponding to a note"));
 
     QToolBar *toolbar = addToolBar(tr("Tools Toolbar"));
-    
+
     CommandHistory::getInstance()->registerToolbar(toolbar);
 
     QActionGroup *group = new QActionGroup(this);
@@ -517,18 +517,18 @@ MainWindow::setupEditMenu()
     m_keyReference->setCategory
         (tr("Navigate Tool Mouse Actions"));
     m_keyReference->registerShortcut
-        (tr("Navigate"), tr("Left"), 
+        (tr("Navigate"), tr("Left"),
          tr("Click left button and drag to move around"));
     m_keyReference->registerShortcut
-        (tr("Re-Analyse Area"), tr("Shift+Left"), 
+        (tr("Re-Analyse Area"), tr("Shift+Left"),
          tr("Shift-click left button and drag to define a specific pitch and time range to re-analyse"));
     m_keyReference->registerShortcut
-        (tr("Edit"), tr("Double-Click Left"), 
+        (tr("Edit"), tr("Double-Click Left"),
          tr("Double-click left button on an item to edit it"));
 
     m_keyReference->setCategory(tr("Tool Selection"));
     action = toolbar->addAction(il.load("move"),
-				tr("Edit"));
+                                tr("Edit"));
     action->setCheckable(true);
     action->setShortcut(tr("2"));
     action->setStatusTip(tr("Edit with Note Intelligence"));
@@ -540,16 +540,16 @@ MainWindow::setupEditMenu()
     m_keyReference->setCategory
         (tr("Note Edit Tool Mouse Actions"));
     m_keyReference->registerShortcut
-        (tr("Adjust Pitch"), tr("Left"), 
+        (tr("Adjust Pitch"), tr("Left"),
         tr("Click left button on the main part of a note and drag to move it up or down"));
     m_keyReference->registerShortcut
-        (tr("Split"), tr("Left"), 
+        (tr("Split"), tr("Left"),
         tr("Click left button on the bottom edge of a note to split it at the click point"));
     m_keyReference->registerShortcut
-        (tr("Resize"), tr("Left"), 
+        (tr("Resize"), tr("Left"),
         tr("Click left button on the left or right edge of a note and drag to change the time or duration of the note"));
     m_keyReference->registerShortcut
-        (tr("Erase"), tr("Shift+Left"), 
+        (tr("Erase"), tr("Shift+Left"),
         tr("Shift-click left button on a note to remove it"));
 
 
@@ -557,7 +557,7 @@ MainWindow::setupEditMenu()
 
     m_keyReference->setCategory(tr("Tool Selection"));
     action = toolbar->addAction(il.load("notes"),
-				tr("Free Edit"));
+                                tr("Free Edit"));
     action->setCheckable(true);
     action->setShortcut(tr("3"));
     action->setStatusTip(tr("Free Edit"));
@@ -567,7 +567,7 @@ MainWindow::setupEditMenu()
 */
 
     menu->addSeparator();
-    
+
     m_keyReference->setCategory(tr("Selection"));
 
     action = new QAction(tr("Select &All"), this);
@@ -593,9 +593,9 @@ MainWindow::setupEditMenu()
 
     menu->addSeparator();
     m_rightButtonMenu->addSeparator();
-    
+
     m_keyReference->setCategory(tr("Pitch Track"));
-    
+
     action = new QAction(tr("Choose Higher Pitch"), this);
     action->setShortcut(tr("Ctrl+Up"));
     action->setStatusTip(tr("Move pitches up an octave, or to the next higher pitch candidate"));
@@ -604,7 +604,7 @@ MainWindow::setupEditMenu()
     connect(this, SIGNAL(canClearSelection(bool)), action, SLOT(setEnabled(bool)));
     menu->addAction(action);
     m_rightButtonMenu->addAction(action);
-    
+
     action = new QAction(tr("Choose Lower Pitch"), this);
     action->setShortcut(tr("Ctrl+Down"));
     action->setStatusTip(tr("Move pitches down an octave, or to the next lower pitch candidate"));
@@ -622,7 +622,7 @@ MainWindow::setupEditMenu()
     connect(this, SIGNAL(canClearSelection(bool)), m_showCandidatesAction, SLOT(setEnabled(bool)));
     menu->addAction(m_showCandidatesAction);
     m_rightButtonMenu->addAction(m_showCandidatesAction);
-    
+
     action = new QAction(tr("Remove Pitches"), this);
     action->setShortcut(tr("Ctrl+Backspace"));
     action->setStatusTip(tr("Remove all pitch estimates within the selected region, making it unvoiced"));
@@ -634,7 +634,7 @@ MainWindow::setupEditMenu()
 
     menu->addSeparator();
     m_rightButtonMenu->addSeparator();
-    
+
     m_keyReference->setCategory(tr("Note Track"));
 
     action = new QAction(tr("Split Note"), this);
@@ -663,7 +663,7 @@ MainWindow::setupEditMenu()
     connect(this, SIGNAL(canSnapNotes(bool)), action, SLOT(setEnabled(bool)));
     menu->addAction(action);
     m_rightButtonMenu->addAction(action);
-    
+
     action = new QAction(tr("Form Note from Selection"), this);
     action->setShortcut(tr("="));
     action->setStatusTip(tr("Form a note spanning the selected region, splitting any existing notes at its boundaries"));
@@ -702,7 +702,7 @@ MainWindow::setupViewMenu()
     connect(this, SIGNAL(canScroll(bool)), action, SLOT(setEnabled(bool)));
     m_keyReference->registerShortcut(action);
     menu->addAction(action);
-    
+
     action = new QAction(tr("Peek &Right"), this);
     action->setShortcut(tr("Alt+Right"));
     action->setStatusTip(tr("Scroll the current pane to the right without changing the play position"));
@@ -723,7 +723,7 @@ MainWindow::setupViewMenu()
     connect(this, SIGNAL(canZoom(bool)), action, SLOT(setEnabled(bool)));
     m_keyReference->registerShortcut(action);
     menu->addAction(action);
-    
+
     action = new QAction(il.load("zoom-out"),
                          tr("Zoom &Out"), this);
     action->setShortcut(tr("Down"));
@@ -732,7 +732,7 @@ MainWindow::setupViewMenu()
     connect(this, SIGNAL(canZoom(bool)), action, SLOT(setEnabled(bool)));
     m_keyReference->registerShortcut(action);
     menu->addAction(action);
-    
+
     action = new QAction(tr("Restore &Default Zoom"), this);
     action->setStatusTip(tr("Restore the zoom level to the default"));
     connect(action, SIGNAL(triggered()), this, SLOT(zoomDefault()));
@@ -749,7 +749,7 @@ MainWindow::setupViewMenu()
     menu->addAction(action);
 
     menu->addSeparator();
-    
+
     action = new QAction(tr("Set Displayed Fre&quency Range..."), this);
     action->setStatusTip(tr("Set the minimum and maximum frequencies in the visible display"));
     connect(action, SIGNAL(triggered()), this, SLOT(editDisplayExtents()));
@@ -768,11 +768,32 @@ MainWindow::setupAnalysisMenu()
     QMenu *menu = menuBar()->addMenu(tr("&Analysis"));
     menu->setTearOffEnabled(true);
 
+    // Create a submenu for analysis mode options
+    QMenu *modeMenu = menu->addMenu(tr("Analysis &Mode"));
+    modeMenu->setTearOffEnabled(true);
+
+    // Create a radio button group for recording analysis mode
+    QActionGroup *analysisGroup = new QActionGroup(this);
+    
+    m_analyseAfterRecord = new QAction(tr("Analyse &After Recording"), this);
+    m_analyseAfterRecord->setStatusTip(tr("Automatically trigger analysis after recording is complete."));
+    m_analyseAfterRecord->setCheckable(true);
+    m_analyseAfterRecord->setActionGroup(analysisGroup);
+    connect(m_analyseAfterRecord, SIGNAL(triggered()), this, SLOT(analyseAfterRecordToggled()));
+    modeMenu->addAction(m_analyseAfterRecord);
+
+    m_analyseDuringRecord = new QAction(tr("Analyse &During Recording"), this);
+    m_analyseDuringRecord->setStatusTip(tr("Automatically trigger analysis during recording."));
+    m_analyseDuringRecord->setCheckable(true);
+    m_analyseDuringRecord->setActionGroup(analysisGroup);
+    connect(m_analyseDuringRecord, SIGNAL(triggered()), this, SLOT(recordAnalysisToggled()));
+    modeMenu->addAction(m_analyseDuringRecord);
+
     m_autoAnalyse = new QAction(tr("Auto-Analyse &New Audio"), this);
     m_autoAnalyse->setStatusTip(tr("Automatically trigger analysis upon opening of a new audio file."));
     m_autoAnalyse->setCheckable(true);
     connect(m_autoAnalyse, SIGNAL(triggered()), this, SLOT(autoAnalysisToggled()));
-    menu->addAction(m_autoAnalyse);
+    modeMenu->addAction(m_autoAnalyse);
 
     action = new QAction(tr("&Analyse Now!"), this);
     action->setStatusTip(tr("Trigger analysis of pitches and notes. (This will delete all existing pitches and notes.)"));
@@ -822,8 +843,8 @@ MainWindow::resetAnalyseOptions()
     QSettings settings;
     settings.beginGroup("Analyser");
 
-    settings.setValue("auto-analysis", true);
-    
+    setRecordingAnalysisMode(RecordingAnalysisMode::AfterRecording);
+
     auto keyMap = Analyser::getAnalysisSettings();
     for (auto p: keyMap) {
         settings.setValue(p.first, p.second);
@@ -833,14 +854,50 @@ MainWindow::resetAnalyseOptions()
     updateAnalyseStates();
 }
 
+MainWindow::RecordingAnalysisMode
+MainWindow::getRecordingAnalysisMode() const
+{
+    QSettings settings;
+    settings.beginGroup("Analyser");
+    int mode = settings.value("recording-analysis-mode", 
+                              static_cast<int>(RecordingAnalysisMode::AfterRecording)).toInt();
+    settings.endGroup();
+    return static_cast<RecordingAnalysisMode>(mode);
+}
+
+void
+MainWindow::setRecordingAnalysisMode(RecordingAnalysisMode mode)
+{
+    QSettings settings;
+    settings.beginGroup("Analyser");
+    settings.setValue("recording-analysis-mode", static_cast<int>(mode));
+    settings.endGroup();
+    updateAnalyseStates();
+}
+
 void
 MainWindow::updateAnalyseStates()
 {
     QSettings settings;
     settings.beginGroup("Analyser");
 
-    bool autoAnalyse = settings.value("auto-analysis", true).toBool();
-    m_autoAnalyse->setChecked(autoAnalyse);
+    // Handle recording analysis mode with enum-based approach
+    RecordingAnalysisMode mode = getRecordingAnalysisMode();
+    
+    switch (mode) {
+        case RecordingAnalysisMode::AfterRecording:
+            m_analyseAfterRecord->setChecked(true);
+            m_analyseDuringRecord->setChecked(false);
+            m_autoAnalyse->setChecked(true);
+            m_autoAnalyse->setEnabled(true);
+            break;
+        case RecordingAnalysisMode::DuringRecording:
+            m_analyseDuringRecord->setChecked(true);
+            m_analyseAfterRecord->setChecked(false);
+            m_autoAnalyse->setChecked(false);
+            m_autoAnalyse->setEnabled(false);
+            break;
+    }
 
     std::map<QString, QAction *> actions {
         { "precision-analysis", m_precise },
@@ -850,7 +907,7 @@ MainWindow::updateAnalyseStates()
     };
 
     auto keyMap = Analyser::getAnalysisSettings();
-    
+
     for (auto p: actions) {
         auto ki = keyMap.find(p.first);
         if (ki != keyMap.end()) {
@@ -864,6 +921,30 @@ MainWindow::updateAnalyseStates()
     settings.endGroup();
 }
 
+void
+MainWindow::recordAnalysisToggled()
+{
+  QAction *a = qobject_cast<QAction *>(sender());
+  if (!a) return;
+
+  bool set = a->isChecked();
+  if (set) {
+      setRecordingAnalysisMode(RecordingAnalysisMode::DuringRecording);
+  }
+}
+
+void
+MainWindow::analyseAfterRecordToggled()
+{
+    QAction *a = qobject_cast<QAction *>(sender());
+    if (!a) return;
+
+    bool set = a->isChecked();
+    if (set) {
+        setRecordingAnalysisMode(RecordingAnalysisMode::AfterRecording);
+    }
+}
+
 void
 MainWindow::autoAnalysisToggled()
 {
@@ -962,7 +1043,7 @@ MainWindow::setupHelpMenu()
 {
     QMenu *menu = menuBar()->addMenu(tr("&Help"));
     menu->setTearOffEnabled(true);
-    
+
     m_keyReference->setCategory(tr("Help"));
 
     IconLoader il;
@@ -971,9 +1052,9 @@ MainWindow::setupHelpMenu()
     QAction *action;
 
     action = new QAction(il.load("help"),
-                         tr("&Help Reference"), this); 
+                         tr("&Help Reference"), this);
     action->setShortcut(tr("F1"));
-    action->setStatusTip(tr("Open the %1 reference manual").arg(name)); 
+    action->setStatusTip(tr("Open the %1 reference manual").arg(name));
     connect(action, SIGNAL(triggered()), this, SLOT(help()));
     m_keyReference->registerShortcut(action);
     menu->addAction(action);
@@ -984,14 +1065,14 @@ MainWindow::setupHelpMenu()
     connect(action, SIGNAL(triggered()), this, SLOT(keyReference()));
     m_keyReference->registerShortcut(action);
     menu->addAction(action);
-    
-    action = new QAction(tr("What's &New In This Release?"), this); 
-    action->setStatusTip(tr("List the changes in this release (and every previous release) of %1").arg(name)); 
+
+    action = new QAction(tr("What's &New In This Release?"), this);
+    action->setStatusTip(tr("List the changes in this release (and every previous release) of %1").arg(name));
     connect(action, SIGNAL(triggered()), this, SLOT(whatsNew()));
     menu->addAction(action);
-    
-    action = new QAction(tr("&About %1").arg(name), this); 
-    action->setStatusTip(tr("Show information about %1").arg(name)); 
+
+    action = new QAction(tr("&About %1").arg(name), this);
+    action->setStatusTip(tr("Show information about %1").arg(name));
     connect(action, SIGNAL(triggered()), this, SLOT(about()));
     menu->addAction(action);
 }
@@ -1076,10 +1157,14 @@ MainWindow::setupToolbars()
     recordAction->setShortcut(tr("Ctrl+Space"));
     recordAction->setStatusTip(tr("Record a new audio file"));
     connect(recordAction, SIGNAL(triggered()), this, SLOT(record()));
+
+    connect(recordAction, SIGNAL(triggered()),
+          this, SLOT(analyseDuringRecordingRunner()));
+
     connect(m_recordTarget, SIGNAL(recordStatusChanged(bool)),
-	    recordAction, SLOT(setChecked(bool)));
+            recordAction, SLOT(setChecked(bool)));
     connect(m_recordTarget, SIGNAL(recordCompleted()),
-	    this, SLOT(analyseNow()));
+            this, SLOT(analyseNow()));
     connect(this, SIGNAL(canRecord(bool)),
             recordAction, SLOT(setEnabled(bool)));
 
@@ -1112,7 +1197,7 @@ MainWindow::setupToolbars()
     oneLeftAction->setStatusTip(tr("Move cursor to the preceding note (or silence) onset."));
     connect(oneLeftAction, SIGNAL(triggered()), this, SLOT(moveOneNoteLeft()));
     connect(this, SIGNAL(canScroll(bool)), oneLeftAction, SLOT(setEnabled(bool)));
-    
+
     QAction *oneRightAction = new QAction(tr("O&ne Note Right"), this);
     oneRightAction->setShortcut(tr("Ctrl+Right"));
     oneRightAction->setStatusTip(tr("Move cursor to the succeeding note (or silence)."));
@@ -1124,7 +1209,7 @@ MainWindow::setupToolbars()
     selectOneLeftAction->setStatusTip(tr("Select to the preceding note (or silence) onset."));
     connect(selectOneLeftAction, SIGNAL(triggered()), this, SLOT(selectOneNoteLeft()));
     connect(this, SIGNAL(canScroll(bool)), selectOneLeftAction, SLOT(setEnabled(bool)));
-    
+
     QAction *selectOneRightAction = new QAction(tr("S&elect One Note Right"), this);
     selectOneRightAction->setShortcut(tr("Ctrl+Shift+Right"));
     selectOneRightAction->setStatusTip(tr("Select to the succeeding note (or silence)."));
@@ -1186,7 +1271,7 @@ MainWindow::setupToolbars()
     fastAction->setStatusTip(tr("Time-stretch playback to speed it up without changing pitch"));
     connect(fastAction, SIGNAL(triggered()), this, SLOT(speedUpPlayback()));
     connect(this, SIGNAL(canSpeedUpPlayback(bool)), fastAction, SLOT(setEnabled(bool)));
-    
+
     QAction *slowAction = menu->addAction(tr("Slow Down"));
     slowAction->setShortcut(tr("Ctrl+PgDown"));
     slowAction->setStatusTip(tr("Time-stretch playback to slow it down without changing pitch"));
@@ -1234,7 +1319,7 @@ MainWindow::setupToolbars()
     lpwSize = m_viewManager->scalePixelSize(26);
     bigLpwSize = int(lpwSize * 2.8);
 #endif
-    
+
     m_audioLPW->setImageSize(lpwSize);
     m_audioLPW->setBigImageSize(bigLpwSize);
     toolbar->addWidget(m_audioLPW);
@@ -1303,7 +1388,7 @@ MainWindow::setupToolbars()
     Pane::registerShortcuts(*m_keyReference);
 
     updateLayerStatuses();
-    
+
 //    QTimer::singleShot(500, this, SLOT(betaReleaseWarning()));
 }
 
@@ -1340,7 +1425,7 @@ MainWindow::moveByOneNote(bool right, bool doSelect)
 {
     sv_frame_t frame = m_viewManager->getPlaybackFrame();
     cerr << "MainWindow::moveByOneNote startframe: " << frame << endl;
-    
+
     bool isAtSelectionBoundary = false;
     MultiSelection::SelectionList selections = m_viewManager->getSelections();
     if (!selections.empty()) {
@@ -1360,7 +1445,7 @@ MainWindow::moveByOneNote(bool right, bool doSelect)
     //!!! This seems like a strange and inefficient way to do this -
     //!!! there is almost certainly a better way making use of
     //!!! EventSeries api
-    
+
     EventVector points = model->getAllEvents();
     if (points.empty()) return;
 
@@ -1434,24 +1519,24 @@ MainWindow::updateMenuStates()
     if (currentPane) currentLayer = currentPane->getSelectedLayer();
 
     bool haveMainModel =
-	(getMainModel() != 0);
+        (getMainModel() != 0);
     bool havePlayTarget =
-	(m_playTarget != 0 || m_audioIO != 0);
+        (m_playTarget != 0 || m_audioIO != 0);
     bool haveCurrentPane =
         (currentPane != 0);
     bool haveCurrentLayer =
         (haveCurrentPane &&
          (currentLayer != 0));
-    bool haveSelection = 
+    bool haveSelection =
         (m_viewManager &&
          !m_viewManager->getSelections().empty());
-    bool haveCurrentTimeInstantsLayer = 
+    bool haveCurrentTimeInstantsLayer =
         (haveCurrentLayer &&
          qobject_cast<TimeInstantLayer *>(currentLayer));
-    bool haveCurrentTimeValueLayer = 
+    bool haveCurrentTimeValueLayer =
         (haveCurrentLayer &&
          qobject_cast<TimeValueLayer *>(currentLayer));
-    bool pitchCandidatesVisible = 
+    bool pitchCandidatesVisible =
         m_analyser->arePitchCandidatesShown();
 
     emit canChangePlaybackSpeed(true);
@@ -1463,11 +1548,11 @@ MainWindow::updateMenuStates()
         m_analyser->isVisible(Analyser::Audio) &&
         m_analyser->getLayer(Analyser::Audio);
 
-    bool havePitchTrack = 
+    bool havePitchTrack =
         m_analyser->isVisible(Analyser::PitchTrack) &&
         m_analyser->getLayer(Analyser::PitchTrack);
 
-    bool haveNotes = 
+    bool haveNotes =
         m_analyser->isVisible(Analyser::Notes) &&
         m_analyser->getLayer(Analyser::Notes);
 
@@ -1611,7 +1696,7 @@ MainWindow::updateLayerStatuses()
     m_audioLPW->setEnabled(m_analyser->isAudible(Analyser::Audio));
     m_audioLPW->setLevel(m_analyser->getGain(Analyser::Audio));
     m_audioLPW->setPan(m_analyser->getPan(Analyser::Audio));
-    
+
     m_showPitch->setChecked(m_analyser->isVisible(Analyser::PitchTrack));
     m_playPitch->setChecked(m_analyser->isAudible(Analyser::PitchTrack));
     m_pitchLPW->setEnabled(m_analyser->isAudible(Analyser::PitchTrack));
@@ -1633,7 +1718,7 @@ MainWindow::editDisplayExtents()
     double min, max;
     double vmin = 0;
     double vmax = getMainModel()->getSampleRate() /2;
-    
+
     if (!m_analyser->getDisplayFrequencyExtents(min, max)) {
         //!!!
         return;
@@ -1691,7 +1776,7 @@ MainWindow::newSession()
 
     m_viewManager->setGlobalCentreFrame
         (pane->getFrameForX(width() / 2));
-    
+
     connect(pane, SIGNAL(contextHelpChanged(const QString &)),
             this, SLOT(contextHelpChanged(const QString &)));
 
@@ -1730,7 +1815,7 @@ MainWindow::closeSession()
             m_document->removeLayerFromView
                 (pane, pane->getLayer(pane->getLayerCount() - 1));
         }
-        
+
         m_overview->unregisterView(pane);
         m_paneStack->deletePane(pane);
     }
@@ -1739,12 +1824,12 @@ MainWindow::closeSession()
 
         Pane *pane = m_paneStack->getHiddenPane
             (m_paneStack->getHiddenPaneCount() - 1);
-        
+
         while (pane->getLayerCount() > 0) {
             m_document->removeLayerFromView
                 (pane, pane->getLayer(pane->getLayerCount() - 1));
         }
-        
+
         m_overview->unregisterView(pane);
         m_paneStack->deletePane(pane);
     }
@@ -1818,7 +1903,7 @@ MainWindow::openRecentFile()
 {
     QObject *obj = sender();
     QAction *action = qobject_cast<QAction *>(obj);
-    
+
     if (!action) {
         cerr << "WARNING: MainWindow::openRecentFile: sender is not an action"
              << endl;
@@ -1845,19 +1930,19 @@ MainWindow::paneAdded(Pane *pane)
     pane->setPlaybackFollow(PlaybackScrollPage);
     m_paneStack->sizePanesEqually();
     if (m_overview) m_overview->registerView(pane);
-}    
+}
 
 void
 MainWindow::paneHidden(Pane *pane)
 {
-    if (m_overview) m_overview->unregisterView(pane); 
-}    
+    if (m_overview) m_overview->unregisterView(pane);
+}
 
 void
 MainWindow::paneAboutToBeDeleted(Pane *pane)
 {
-    if (m_overview) m_overview->unregisterView(pane); 
-}    
+    if (m_overview) m_overview->unregisterView(pane);
+}
 
 void
 MainWindow::paneDropAccepted(Pane *pane, QStringList uriList)
@@ -1884,8 +1969,8 @@ MainWindow::paneDropAccepted(Pane *pane, QString text)
     if (pane) m_paneStack->setCurrentPane(pane);
 
     QUrl testUrl(text);
-    if (testUrl.scheme() == "file" || 
-        testUrl.scheme() == "http" || 
+    if (testUrl.scheme() == "file" ||
+        testUrl.scheme() == "http" ||
         testUrl.scheme() == "ftp") {
         QStringList list;
         list.push_back(text);
@@ -1950,7 +2035,7 @@ MainWindow::commitData(bool mayAskUser)
         } else {
             if (!QFileInfo(svDir).isDir()) return false;
         }
-        
+
         // This name doesn't have to be unguessable
 #ifndef _WIN32
         QString fname = QString("tmp-%1-%2.sv")
@@ -1979,7 +2064,7 @@ MainWindow::checkSaveModified()
 
     if (!m_documentModified) return true;
 
-    int button = 
+    int button =
         QMessageBox::warning(this,
                              tr("Session modified"),
                              tr("The current session has been modified.\nDo you want to save it?"),
@@ -2009,7 +2094,7 @@ MainWindow::waitForInitialAnalysis()
     // initial analysis is happening, because then we end up with an
     // incomplete session on reload. There are certainly theoretically
     // better ways to handle this...
-    
+
     QSettings settings;
     settings.beginGroup("Analyser");
     bool autoAnalyse = settings.value("auto-analysis", true).toBool();
@@ -2029,7 +2114,7 @@ MainWindow::waitForInitialAnalysis()
                    QMessageBox::Cancel,
                    this);
 
-    connect(m_analyser, SIGNAL(initialAnalysisCompleted()), 
+    connect(m_analyser, SIGNAL(initialAnalysisCompleted()),
             &mb, SLOT(accept()));
 
     if (mb.exec() == QDialog::Accepted) {
@@ -2164,14 +2249,14 @@ MainWindow::exportToSVL(QString path, Layer *layer)
             << "<!DOCTYPE sonic-visualiser>\n"
             << "<sv>\n"
             << "  <data>\n";
-        
+
         model->toXml(out, "    ");
-        
+
         out << "  </data>\n"
             << "  <display>\n";
-        
+
         layer->toXml(out, "    ");
-        
+
         out << "  </display>\n"
             << "</sv>\n";
 
@@ -2206,10 +2291,10 @@ MainWindow::importPitchLayer(FileSource source)
     source.waitForData();
 
     if (!waitForInitialAnalysis()) return FileOpenCancelled;
-    
+
     QString path = source.getLocalFilename();
 
-    RDFImporter::RDFDocumentType rdfType = 
+    RDFImporter::RDFDocumentType rdfType =
         RDFImporter::identifyDocumentType(QUrl::fromLocalFile(path).toString());
 
     if (rdfType != RDFImporter::NotRDF) {
@@ -2221,12 +2306,12 @@ MainWindow::importPitchLayer(FileSource source)
                (source.getExtension().toLower() == "xml" &&
                 (SVFileReader::identifyXmlFile(source.getLocalFilename())
                  == SVFileReader::SVLayerFile))) {
-        
+
         //!!!
         return FileOpenFailed;
 
     } else {
-        
+
         try {
 
             CSVFormat format(path);
@@ -2246,7 +2331,7 @@ MainWindow::importPitchLayer(FileSource source)
 
                 ModelId modelId = ModelById::add
                     (std::shared_ptr<Model>(model));
-                
+
                 CommandHistory::getInstance()->startCompoundOperation
                     (tr("Import Pitch Track"), true);
 
@@ -2272,7 +2357,7 @@ MainWindow::importPitchLayer(FileSource source)
             }
         }
     }
-    
+
     return FileOpenFailed;
 }
 
@@ -2292,7 +2377,7 @@ MainWindow::exportPitchLayer()
     if (path == "") return;
 
     if (!waitForInitialAnalysis()) return;
-    
+
     if (QFileInfo(path).suffix() == "") path += ".svl";
 
     QString suffix = QFileInfo(path).suffix().toLower();
@@ -2314,7 +2399,7 @@ MainWindow::exportPitchLayer()
     } else {
 
         DataExportOptions options = DataExportFillGaps;
-        
+
         CSVFileWriter writer(path, model.get(),
                              ((suffix == "csv") ? "," : "\t"),
                              options);
@@ -2358,7 +2443,7 @@ MainWindow::exportNoteLayer()
         error = exportToSVL(path, layer);
 
     } else if (suffix == "mid" || suffix == "midi") {
-     
+
         MIDIFileWriter writer(path, model.get(), model->getSampleRate());
         writer.write();
         if (!writer.isOK()) {
@@ -2376,7 +2461,7 @@ MainWindow::exportNoteLayer()
     } else {
 
         DataExportOptions options = DataExportOmitLevel;
-        
+
         CSVFileWriter writer(path, model.get(),
                              ((suffix == "csv") ? "," : "\t"),
                              options);
@@ -2411,7 +2496,7 @@ MainWindow::doubleClickSelectInvoked(sv_frame_t frame)
 {
     sv_frame_t f0, f1;
     m_analyser->getEnclosingSelectionScope(frame, f0, f1);
-    
+
     cerr << "MainWindow::doubleClickSelectInvoked(" << frame << "): [" << f0 << "," << f1 << "]" << endl;
 
     Selection sel(f0, f1);
@@ -2496,11 +2581,11 @@ MainWindow::regionOutlined(QRect r)
 
     sv_frame_t f0 = pane->getFrameForX(r.x());
     sv_frame_t f1 = pane->getFrameForX(r.x() + r.width());
-    
+
     double v0 = spectrogram->getFrequencyForY(pane, r.y() + r.height());
     double v1 = spectrogram->getFrequencyForY(pane, r.y());
 
-    cerr << "MainWindow::regionOutlined: frame " << f0 << " -> " << f1 
+    cerr << "MainWindow::regionOutlined: frame " << f0 << " -> " << f1
          << ", frequency " << v0 << " -> " << v1 << endl;
 
     m_pendingConstraint = Analyser::FrequencyRange(v0, v1);
@@ -2589,7 +2674,7 @@ MainWindow::switchPitchDown()
                 (tr("Choose Lower Pitch Candidate"), true);
 
             MultiSelection::SelectionList selections = m_viewManager->getSelections();
-            
+
             for (MultiSelection::SelectionList::iterator k = selections.begin();
                  k != selections.end(); ++k) {
                 m_analyser->switchPitchCandidate(*k, false);
@@ -2613,12 +2698,12 @@ MainWindow::snapNotesToPitches()
 
         CommandHistory::getInstance()->startCompoundOperation
             (tr("Snap Notes to Pitches"), true);
-                
+
         for (MultiSelection::SelectionList::iterator k = selections.begin();
              k != selections.end(); ++k) {
             auxSnapNotes(*k);
         }
-        
+
         CommandHistory::getInstance()->endCompoundOperation();
     }
 }
@@ -2632,7 +2717,7 @@ MainWindow::auxSnapNotes(Selection s)
     if (!layer) return;
 
     layer->snapSelectedNotesToPitchTrack(m_analyser->getPane(), s);
-}    
+}
 
 void
 MainWindow::splitNote()
@@ -2657,12 +2742,12 @@ MainWindow::mergeNotes()
 
         CommandHistory::getInstance()->startCompoundOperation
             (tr("Merge Notes"), true);
-                
+
         for (MultiSelection::SelectionList::iterator k = selections.begin();
              k != selections.end(); ++k) {
             layer->mergeNotes(m_analyser->getPane(), *k, true);
         }
-        
+
         CommandHistory::getInstance()->endCompoundOperation();
     }
 }
@@ -2680,12 +2765,12 @@ MainWindow::deleteNotes()
 
         CommandHistory::getInstance()->startCompoundOperation
             (tr("Delete Notes"), true);
-                
+
         for (MultiSelection::SelectionList::iterator k = selections.begin();
              k != selections.end(); ++k) {
             layer->deleteSelectionInclusive(*k);
         }
-        
+
         CommandHistory::getInstance()->endCompoundOperation();
     }
 }
@@ -2703,7 +2788,7 @@ MainWindow::formNoteFromSelection()
     MultiSelection::SelectionList selections = m_viewManager->getSelections();
 
     if (!selections.empty()) {
-    
+
         CommandHistory::getInstance()->startCompoundOperation
             (tr("Form Note from Selection"), true);
 
@@ -2717,7 +2802,7 @@ MainWindow::formNoteFromSelection()
             // existing pitch track if possible. This way we should
             // handle all the possible cases of existing notes that
             // may or may not overlap the start or end times
-            
+
             sv_frame_t start = k->getStartFrame();
             sv_frame_t end = k->getEndFrame();
 
@@ -2728,18 +2813,18 @@ MainWindow::formNoteFromSelection()
             if (!existing.empty()) {
                 defaultPitch = int(roundf(existing.begin()->getValue()));
             }
-            
+
             layer->splitNotesAt(pane, start);
             layer->splitNotesAt(pane, end);
             layer->deleteSelection(*k);
-            
+
             layer->addNoteOn(start, defaultPitch, 100);
             layer->addNoteOff(end, defaultPitch);
-            
+
             layer->mergeNotes(pane, *k, false);
         }
 
-        CommandHistory::getInstance()->endCompoundOperation();     
+        CommandHistory::getInstance()->endCompoundOperation();
     }
 }
 
@@ -2758,7 +2843,7 @@ MainWindow::playSpeedChanged(int position)
 
     char pcbuf[30];
     char facbuf[30];
-    
+
     if (position == centre) {
         contextHelpChanged(tr("Playback speed: Normal"));
     } else if (position < centre) {
@@ -2802,7 +2887,7 @@ MainWindow::playMonoToggled()
 
     playSpeedChanged(m_playSpeed->value());
     // TODO: pitch gain?
-}    
+}
 
 void
 MainWindow::speedUpPlayback()
@@ -2841,7 +2926,7 @@ MainWindow::audioGainChanged(float gain)
         m_analyser->setGain(Analyser::Audio, gain);
     }
     updateMenuStates();
-} 
+}
 
 void
 MainWindow::pitchGainChanged(float gain)
@@ -2856,7 +2941,7 @@ MainWindow::pitchGainChanged(float gain)
         m_analyser->setGain(Analyser::PitchTrack, gain);
     }
     updateMenuStates();
-} 
+}
 
 void
 MainWindow::notesGainChanged(float gain)
@@ -2871,7 +2956,7 @@ MainWindow::notesGainChanged(float gain)
         m_analyser->setGain(Analyser::Notes, gain);
     }
     updateMenuStates();
-} 
+}
 
 void
 MainWindow::audioPanChanged(float pan)
@@ -2879,7 +2964,7 @@ MainWindow::audioPanChanged(float pan)
     contextHelpChanged(tr("Audio Pan: %1").arg(pan));
     m_analyser->setPan(Analyser::Audio, pan);
     updateMenuStates();
-} 
+}
 
 void
 MainWindow::pitchPanChanged(float pan)
@@ -2887,7 +2972,7 @@ MainWindow::pitchPanChanged(float pan)
     contextHelpChanged(tr("Pitch Pan: %1").arg(pan));
     m_analyser->setPan(Analyser::PitchTrack, pan);
     updateMenuStates();
-} 
+}
 
 void
 MainWindow::notesPanChanged(float pan)
@@ -2895,7 +2980,7 @@ MainWindow::notesPanChanged(float pan)
     contextHelpChanged(tr("Notes Pan: %1").arg(pan));
     m_analyser->setPan(Analyser::Notes, pan);
     updateMenuStates();
-} 
+}
 
 void
 MainWindow::updateVisibleRangeDisplay(Pane *p) const
@@ -2944,7 +3029,7 @@ MainWindow::updateVisibleRangeDisplay(Pane *p) const
         m_myStatusMessage = tr("Visible: %1 to %2 (duration %3)")
             .arg(startStr).arg(endStr).arg(durationStr);
     }
-    
+
     getStatusLabel()->setText(m_myStatusMessage);
 }
 
@@ -3045,6 +3130,30 @@ MainWindow::analyseNow()
     }
 }
 
+void
+MainWindow::analyseDuringRecordingRunner()
+{
+    QSettings settings;
+    settings.beginGroup("Analyser");
+    bool recordAnalyse = settings.value("record-analysis", true).toBool();
+    settings.endGroup();
+    if ((recordAnalyse && this->m_recordTarget->isRecording()))
+    {
+        connect(this->m_recordTarget, &AudioCallbackRecordTarget::recordDurationChanged, this, &MainWindow::analyseDuringRecording);
+        connect(this->m_recordTarget, &AudioCallbackRecordTarget::recordCompleted, this, [this]() {
+            disconnect(this->m_recordTarget, &AudioCallbackRecordTarget::recordDurationChanged, nullptr, nullptr);
+            disconnect(this->m_recordTarget, &AudioCallbackRecordTarget::recordCompleted, nullptr, nullptr);
+            analyseDuringRecording();
+        });
+    }
+}
+
+void
+MainWindow::analyseDuringRecording()
+{
+    m_analyser->analyseRecordingToEnd(m_recordTarget->getRecordDuration());
+}
+
 void
 MainWindow::analyseNewMainModel()
 {
@@ -3053,7 +3162,7 @@ MainWindow::analyseNewMainModel()
     SVDEBUG << "MainWindow::analyseNewMainModel: main model is " << model << endl;
 
     SVDEBUG << "(document is " << m_document << ", it says main model is " << m_document->getMainModel() << ")" << endl;
-    
+
     if (!model) {
         cerr << "no main model!" << endl;
         return;
@@ -3117,7 +3226,7 @@ MainWindow::analyseNewMainModel()
         m_analyser->setAudible(Analyser::PitchTrack, false);
         m_analyser->setAudible(Analyser::Notes, false);
     }
-   
+
     updateLayerStatuses();
     documentRestored();
 }
@@ -3265,16 +3374,16 @@ MainWindow::whatsNew()
 
     QDialog *d = new QDialog(this);
     d->setWindowTitle(tr("What's New"));
-        
+
     QGridLayout *layout = new QGridLayout;
     d->setLayout(layout);
 
     int row = 0;
-    
+
     QLabel *iconLabel = new QLabel;
     iconLabel->setPixmap(QApplication::windowIcon().pixmap(64, 64));
     layout->addWidget(iconLabel, row, 0);
-    
+
     layout->addWidget
         (new QLabel(tr("<h3>What's New in %1</h3>")
                     .arg(QApplication::applicationName())),
@@ -3287,7 +3396,7 @@ MainWindow::whatsNew()
     if (m_newerVersionIs != "") {
         layout->addWidget(new QLabel(tr("<b>Note:</b> A newer version of %1 is available.<br>(Version %2 is available; you are using version %3)").arg(QApplication::applicationName()).arg(m_newerVersionIs).arg(TONY_VERSION)), row++, 1, 1, 2);
     }
-    
+
     QDialogButtonBox *bb = new QDialogButtonBox(QDialogButtonBox::Ok);
     layout->addWidget(bb, row++, 0, 1, 3);
     connect(bb, SIGNAL(accepted()), d, SLOT(accept()));
@@ -3316,7 +3425,7 @@ MainWindow::whatsNew()
 
     d->setMinimumSize(m_viewManager->scalePixelSize(520),
                       m_viewManager->scalePixelSize(450));
-    
+
     d->exec();
 
     delete d;
@@ -3360,7 +3469,7 @@ MainWindow::about()
     aboutText += tr("<p>Using Qt framework version %1.</p>")
         .arg(QT_VERSION_STR);
 
-    aboutText += 
+    aboutText +=
         "<p>Copyright &copy; 2005&ndash;2019 Chris Cannam, Queen Mary University of London, and the Tony project authors: Matthias Mauch, George Fazekas, Justin Salamon, and Rachel Bittner.</p>"
         "<p>pYIN analysis plugin written by Matthias Mauch.</p>"
         "<p>This program is free software; you can redistribute it and/or "
@@ -3368,18 +3477,18 @@ MainWindow::about()
         "published by the Free Software Foundation; either version 2 of the "
         "License, or (at your option) any later version.<br>See the file "
         "COPYING included with this distribution for more information.</p>";
-    
+
     // use our own dialog so we can influence the size
 
     QDialog *d = new QDialog(this);
 
     d->setWindowTitle(tr("About %1").arg(QApplication::applicationName()));
-        
+
     QGridLayout *layout = new QGridLayout;
     d->setLayout(layout);
 
     int row = 0;
-    
+
     QLabel *iconLabel = new QLabel;
     iconLabel->setPixmap(QApplication::windowIcon().pixmap(64, 64));
     layout->addWidget(iconLabel, row, 0, Qt::AlignTop);
@@ -3402,7 +3511,7 @@ MainWindow::about()
 
     d->setMinimumSize(m_viewManager->scalePixelSize(420),
                       m_viewManager->scalePixelSize(200));
-    
+
     d->exec();
 
     delete d;
@@ -3418,7 +3527,7 @@ void
 MainWindow::newerVersionAvailable(QString version)
 {
     m_newerVersionIs = version;
-    
+
     //!!! nicer URL would be nicer
     QSettings settings;
     settings.beginGroup("NewerVersionWarning");
@@ -3442,9 +3551,9 @@ MainWindow::ffwd()
 
     sv_samplerate_t sr = getMainModel()->getSampleRate();
 
-    // The step is supposed to scale and be as wide as a step of 
+    // The step is supposed to scale and be as wide as a step of
     // m_defaultFfwdRwdStep seconds at zoom level 720 and sr = 44100
-    
+
     ZoomLevel zoom = m_viewManager->getGlobalZoom();
     double framesPerPixel = 1.0;
     if (zoom.zone == ZoomLevel::FramesPerPixel) {
@@ -3455,20 +3564,20 @@ MainWindow::ffwd()
     double defaultFramesPerPixel = (720 * 44100) / sr;
     double scaler = framesPerPixel / defaultFramesPerPixel;
     RealTime step = m_defaultFfwdRwdStep * scaler;
-    
+
     frame = RealTime::realTime2Frame
         (RealTime::frame2RealTime(frame, sr) + step, sr);
 
     if (frame > getMainModel()->getEndFrame()) {
         frame = getMainModel()->getEndFrame();
     }
-       
+
     if (frame < 0) frame = 0;
 
     if (m_viewManager->getPlaySelectionMode()) {
         frame = m_viewManager->constrainFrameToSelection(frame);
     }
-    
+
     m_viewManager->setPlaybackFrame(frame);
 
     if (frame == getMainModel()->getEndFrame() &&
@@ -3489,7 +3598,7 @@ MainWindow::rewind()
 
     sv_samplerate_t sr = getMainModel()->getSampleRate();
 
-    // The step is supposed to scale and be as wide as a step of 
+    // The step is supposed to scale and be as wide as a step of
     // m_defaultFfwdRwdStep seconds at zoom level 720 and sr = 44100
 
     ZoomLevel zoom = m_viewManager->getGlobalZoom();
@@ -3505,7 +3614,7 @@ MainWindow::rewind()
 
     frame = RealTime::realTime2Frame
         (RealTime::frame2RealTime(frame, sr) - step, sr);
-    
+
     if (frame < getMainModel()->getStartFrame()) {
         frame = getMainModel()->getStartFrame();
     }
diff --git a/main/MainWindow.h b/main/MainWindow.h
index f14d5ca..48e2db2 100644
--- a/main/MainWindow.h
+++ b/main/MainWindow.h
@@ -1,3 +1,4 @@
+#pragma once
 /* -*- c-basic-offset: 4 indent-tabs-mode: nil -*-  vi:set ts=8 sts=4 sw=4: */
 
 /*
@@ -5,7 +6,7 @@
     An intonation analysis and annotation tool
     Centre for Digital Music, Queen Mary, University of London.
     This file copyright 2006-2012 Chris Cannam and QMUL.
-    
+
     This program is free software; you can redistribute it and/or
     modify it under the terms of the GNU General Public License as
     published by the Free Software Foundation; either version 2 of the
@@ -30,8 +31,13 @@ class MainWindow : public sv::MainWindowBase
     Q_OBJECT
 
 public:
+    enum class RecordingAnalysisMode {
+        AfterRecording = 0,   // Default
+        DuringRecording = 1
+    };
+
     MainWindow(AudioMode audioMode,
-               bool withSonification = true, 
+               bool withSonification = true,
                bool withSpectrogram = true);
     virtual ~MainWindow();
 
@@ -87,7 +93,13 @@ protected slots:
     virtual void editDisplayExtents();
 
     virtual void analyseNow();
+
+    virtual void analyseDuringRecording();
+    virtual void analyseDuringRecordingRunner();
     virtual void resetAnalyseOptions();
+    virtual void recordAnalysisToggled();
+    virtual void analyseAfterRecordToggled();
+
     virtual void autoAnalysisToggled();
     virtual void precisionAnalysisToggled();
     virtual void lowampAnalysisToggled();
@@ -164,7 +176,7 @@ protected slots:
     virtual void whatsNew();
 
     virtual void betaReleaseWarning();
-    
+
     virtual void newerVersionAvailable(QString);
 
     virtual void selectionChangedByUser();
@@ -205,11 +217,13 @@ protected:
     bool           m_intelligentActionOn; // GF: !!! temporary
 
     QAction       *m_autoAnalyse;
+    QAction       *m_analyseDuringRecord;
+    QAction       *m_analyseAfterRecord;
     QAction       *m_precise;
     QAction       *m_lowamp;
     QAction       *m_onset;
     QAction       *m_prune;
-        
+
     QAction       *m_showAudio;
     QAction       *m_showSpect;
     QAction       *m_showPitch;
@@ -224,6 +238,7 @@ protected:
     sv::ActivityLog   *m_activityLog;
     sv::KeyReference  *m_keyReference;
     sv::VersionTester *m_versionTester;
+    
     QString            m_newerVersionIs;
 
     sv::sv_frame_t m_selectionAnchor;
@@ -246,6 +261,9 @@ protected:
     virtual void setupHelpMenu();
     virtual void setupToolbars();
 
+    RecordingAnalysisMode getRecordingAnalysisMode() const;
+    void setRecordingAnalysisMode(RecordingAnalysisMode mode);
+
     virtual void octaveShift(bool up);
 
     virtual void auxSnapNotes(sv::Selection s);
